#-----------------------------------------------------------
# Vivado v2025.1 (64-bit)
# SW Build 6140274 on Thu May 22 00:12:29 MDT 2025
# IP Build 6138677 on Thu May 22 03:10:11 MDT 2025
# SharedData Build 6139179 on Tue May 20 17:58:58 MDT 2025
# Start of session at: Mon Oct 27 10:07:25 2025
# Process ID         : 6444
# Current directory  : D:/uart-to-usb-v2-main/uart-to-usb-v2-main
# Command line       : vivado.exe -mode batch -source deploy.tcl
# Log file           : D:/uart-to-usb-v2-main/uart-to-usb-v2-main/vivado.log
# Journal file       : D:/uart-to-usb-v2-main/uart-to-usb-v2-main\vivado.jou
# Running On         : LAPTOP-32F8C2TA
# Platform           : Windows Server 2016 or Windows 10
# Operating System   : 26100
# Processor Detail   : AMD Ryzen 5 7535HS with Radeon Graphics        
# CPU Frequency      : 3294 MHz
# CPU Physical cores : 6
# CPU Logical cores  : 12
# Host memory        : 16312 MB
# Swap memory        : 9663 MB
# Total Virtual      : 25976 MB
# Available Virtual  : 8070 MB
#-----------------------------------------------------------
source deploy.tcl
